PIECES 17 RIM 50 EDGE_GROUPS Counter({2: 76, 1: 50})
Bounds [0.00686279 0.         1.08871384] [0.30142532 0.56733448 1.15686382]
CORNERS [(19, array([0.00686279, 0.        , 1.1323246 ])), (14, array([0.30082306, 0.        , 1.15662205])), (46, array([0.30082321, 0.56663265, 1.11083633])), (41, array([0.00686295, 0.55801907, 1.08871384]))]
APPROVED_ORANGE_FAN_EDGES [1848, 1856, 1859, 2680, 3153, 3878]
GROUP 0 5 [0.00686279 0.         1.1323246 ] [0.30082306 0.         1.15662205]
GROUP 1 18 [0.30082306 0.         1.15662205] [0.30082321 0.56663265 1.11083633]
GROUP 2 5 [0.30082321 0.56663265 1.11083633] [0.00686295 0.55801907 1.08871384]
GROUP 3 22 [0.00686295 0.55801907 1.08871384] [0.00686279 0.         1.1323246 ]
COONS_POLES (22, 85, 3)
POLYNOMIAL_TARGET_MM 0.3392236903685397 0.04763133238813382
SOLVE (34118, 1660) 601211
RESIDUAL 0.028629173009429458
BOUNDARY_NORMAL_DEGREES_MAX_RMS 1.601642006219596 0.14786933096241603
BASELINE_BOUNDARY_DEGREES_MAX_RMS 1.6020960708676983 0.894008296679111
SOURCE_XY_INVERSION_MAXIMUM_MM 4.652682298944614e-13 MAX_HEIGHT_POSITION [0.03293814 0.36435285 1.12840433]
SOURCE_HEIGHT_CHANGE_MM_MAX_RMS 0.37096072525844015 0.049441616950627154
RIM_OUTLIER 0 [0.01465599 0.         1.13307023] 0.5003081919159503 [0.09568192 0.        ] [0.09568192 0.00877213]
RIM_OUTLIER 2 [0.01465613 0.55912165 1.08945949] 0.5196485295512897 [ 0.13998006 -0.31309788] [ 0.14139797 -0.32311967]
RIM_OUTLIER 2 [0.06919091 0.56683752 1.09467782] 0.837620507961121 [ 0.1392841  -0.30803136] [ 0.13702254 -0.29204833]
RIM_OUTLIER 2 [0.06920099 0.56683801 1.09467875] 0.8367984524930829 [ 0.09344164 -0.30803329] [ 0.09332418 -0.29205274]
RIM_OUTLIER 3 [6.86279301e-03 2.64875752e-06 1.13232460e+00] 1.3508728884977768 [ 1.19528067e-01 -1.55484153e-05] [ 9.56768378e-02 -1.51568562e-05]
RIM_OUTLIER 3 [0.00686295 0.55801584 1.08871485] 1.601642006219596 [ 0.17002646 -0.31382356] [ 0.14008528 -0.31382396]
JUMP_OUTLIER 0 0.2131295726668937 1.516753111139539 [0.06919406 0.56449153 1.09535924]
INTERIOR_KNOT_NORMAL_JUMP_MAXIMUM_DEGREES 1.516753111139539 CENTRAL 0.13568322755961373
WROTE /home/user/Slate/Frontier/Projects/Project-Drive/Content/Vehicles/Liger/Reconstruction/Liger_Roof_Repair.arc FACES 1074 HIDDEN_COMPLETED_ORANGE_COPIES 30
