Document: Liger_Main_Body_Simplified.arc
SHA256: 8ce67d6fcf329e5fae8266c106f3de372e0d97859121773f712f2af06067fd23
Filtered output from the native BodyVerification execution, including combined assembly replay.

  main body document opens                                               true         true   PASS
  one main body and explicit source junction sheets                      true         true   PASS
  all fitted surfaces retained                                           true         true   PASS
  no fabricated closed solid                                             true         true   PASS
  sewn main body has no three-face edges                                 true         true   PASS
  sewn main body is consistently oriented                                true         true   PASS
  every original chart sampled from native geometry                      true         true   PASS
  main body saves                                                        true         true   PASS
  main body reopens                                                      true         true   PASS
  geometry survives save/reopen                                          true         true   PASS
  all spline degrees, dimensions, weights and knots survive replay             true         true   PASS
  show cages off                                                         true         true   PASS
  show iso off                                                           true         true   PASS
  show shading plastic                                                   true         true   PASS
  view iso                                                               true         true   PASS
  view fit                                                               true         true   PASS
  render Liger_Main_Body --size=1600x1000                                true         true   PASS
  view front                                                             true         true   PASS
  view fit                                                               true         true   PASS
  render Liger_Main_Body_Side --size=1600x1000                           true         true   PASS
  show edges off                                                         true         true   PASS
  view orbit 35 18                                                       true         true   PASS
  view persp                                                             true         true   PASS
  view fit                                                               true         true   PASS
  render Liger_Main_Body_Shaded --size=1600x1000                         true         true   PASS
  edge display does not alter geometry                                   true         true   PASS
  combined reconstruction opens                                          true         true   PASS
  all components and junction sheets retained                            true         true   PASS
  three supplied components retain every sewn face                       true         true   PASS
  show cages off                                                         true         true   PASS
  show iso off                                                           true         true   PASS
  show edges off                                                         true         true   PASS
  show shading plastic                                                   true         true   PASS
  view front                                                             true         true   PASS
  view orbit 35 18                                                       true         true   PASS
  view persp                                                             true         true   PASS
  view fit                                                               true         true   PASS
  render Liger_Reconstruction --size=1600x1000                           true         true   PASS
  38 checks, 0 failed → ALL PASS
