[engine] /home/user/Slate/Frontier
[SolidArc] compile Engine/Editor/OutlinerPanel.cpp
[SolidArc] compile Engine/Editor/SolidArcInspectorPanel.cpp
[SolidArc] compile Engine/Editor/ShadeTick.cpp
[SolidArc] compile Engine/Editor/SunInspectorPanel.cpp
[SolidArc] compile Engine/Editor/StarsInspectorPanel.cpp
[SolidArc] compile Engine/Editor/AtmosphereSkyInspectorPanel.cpp
[SolidArc] compile Engine/Editor/CameraInspectorPanel.cpp
[SolidArc] compile Engine/Editor/CloudsInspectorPanel.cpp
[SolidArc] compile Engine/Editor/FogInspectorPanel.cpp
[SolidArc] compile Engine/Editor/LensFlareInspectorPanel.cpp
[SolidArc] compile Engine/Editor/MoonInspectorPanel.cpp
[SolidArc] compile Engine/Editor/WeatherInspectorPanel.cpp
[SolidArc] compile Engine/DisplayPresentation/ControlCentreHost.cpp
[SolidArc] compile Engine/DisplayPresentation/PixelSpace.cpp
[SolidArc] compile Engine/DisplayPresentation/MotionIntegrator.cpp
[SolidArc] compile Engine/DisplayPresentation/ThemeStructure.cpp
[SolidArc] compile Engine/DisplayPresentation/ControlKit.cpp
[SolidArc] compile Engine/DisplayPresentation/AppearanceInspector.cpp
[SolidArc] compile Engine/DisplayPresentation/ConfigurationInspector.cpp
[SolidArc] compile Engine/DisplayPresentation/DialogueHost.cpp
[SolidArc] compile Engine/DisplayPresentation/FidelityClassifier.cpp
[SolidArc] compile Engine/DisplayPresentation/VectorCodec.cpp
[SolidArc] compile Engine/DisplayPresentation/NotificationQueue.cpp
[SolidArc] compile Engine/DisplayPresentation/TelemetryMetrics.cpp
[SolidArc] compile Engine/DisplayPresentation/TypefaceRegistry.cpp
[SolidArc] compile Engine/DisplayPresentation/GlyphSpace.cpp
[SolidArc] compile Engine/DisplayPresentation/FontCodec.cpp
[SolidArc] compile Engine/DisplayPresentation/MaterialInspector.cpp
[SolidArc] compile Engine/DisplayPresentation/IconArt.cpp
[SolidArc] compile Engine/DisplayPresentation/IconPresentation.cpp
[SolidArc] compile Engine/ContentInterchange/AssetResolution.cpp
[SolidArc] compile Engine/ContentInterchange/MaterialIndex.cpp
[SolidArc] compile Engine/DeviceExchange/InputExchange.cpp
[SolidArc] compile Engine/GeometricRaster/StarCatalogueIndex.cpp
[SolidArc] compile Engine/GeometricRaster/CameraProjection.cpp
[SolidArc] compile Engine/DeviceExchange/OrientationClassifier.cpp
[SolidArc] compile Engine/Host/RayTracingSolver.cpp
[SolidArc] compile Engine/Host/FlyThroughSolver.cpp
[SolidArc] compile ExternalPackages/imgui/imgui.cpp
[SolidArc] compile ExternalPackages/imgui/imgui_draw.cpp
[SolidArc] compile ExternalPackages/imgui/imgui_tables.cpp
[SolidArc] compile ExternalPackages/imgui/imgui_widgets.cpp
[SolidArc] compile Editor/AuthoringTools/Modelling/SolidArc/Console/CommandCodec.cpp
[SolidArc] compile Editor/AuthoringTools/Modelling/SolidArc/Console/ConsoleHost.cpp
[SolidArc] compile Editor/AuthoringTools/Modelling/SolidArc/Console/ConsoleInteraction.cpp
[SolidArc] compile Editor/AuthoringTools/Modelling/SolidArc/Console/ConsoleSelection.cpp
[SolidArc] compile Editor/AuthoringTools/Modelling/SolidArc/Document/FigureRecipe.cpp
[SolidArc] compile Editor/AuthoringTools/Modelling/SolidArc/Document/SceneDocument.cpp
[SolidArc] compile Editor/AuthoringTools/Modelling/SolidArc/Document/UndoSequence.cpp
[SolidArc] compile Editor/AuthoringTools/Modelling/SolidArc/Editor/SolidArcEditorHost.cpp
[SolidArc] compile Editor/AuthoringTools/Modelling/SolidArc/Editor/SolidArcOutlinerAdapter.cpp
[SolidArc] compile Editor/AuthoringTools/Modelling/SolidArc/Interaction/CameraProjection.cpp
[SolidArc] compile Editor/AuthoringTools/Modelling/SolidArc/Interaction/HotkeyChart.cpp
[SolidArc] compile Editor/AuthoringTools/Modelling/SolidArc/Interaction/InputEvent.cpp
[SolidArc] compile Editor/AuthoringTools/Modelling/SolidArc/Interaction/SnapResolution.cpp
[SolidArc] compile Editor/AuthoringTools/Modelling/SolidArc/Interaction/ToolSession.cpp
[SolidArc] compile Editor/AuthoringTools/Modelling/SolidArc/Interaction/TransformGizmo.cpp
[SolidArc] compile Editor/AuthoringTools/Modelling/SolidArc/Kernel/BlendSolver.cpp
[SolidArc] compile Editor/AuthoringTools/Modelling/SolidArc/Kernel/ConstraintGraph.cpp
[SolidArc] compile Editor/AuthoringTools/Modelling/SolidArc/Kernel/ConstraintSolver.cpp
[SolidArc] compile Editor/AuthoringTools/Modelling/SolidArc/Kernel/CurveSpecification.cpp
[SolidArc] compile Editor/AuthoringTools/Modelling/SolidArc/Kernel/FaceEditSolver.cpp
[SolidArc] compile Editor/AuthoringTools/Modelling/SolidArc/Kernel/FairPatchSolver.cpp
[SolidArc] compile Editor/AuthoringTools/Modelling/SolidArc/Kernel/IntersectionSolver.cpp
[SolidArc] compile Editor/AuthoringTools/Modelling/SolidArc/Kernel/MirrorSolver.cpp
[SolidArc] compile Editor/AuthoringTools/Modelling/SolidArc/Kernel/ProfileSolver.cpp
[SolidArc] compile Editor/AuthoringTools/Modelling/SolidArc/Kernel/SkinSolver.cpp
[SolidArc] compile Editor/AuthoringTools/Modelling/SolidArc/Kernel/SurfaceSpecification.cpp
[SolidArc] compile Editor/AuthoringTools/Modelling/SolidArc/Kernel/TopologySpecification.cpp
[SolidArc] compile Editor/AuthoringTools/Modelling/SolidArc/Kernel/TweakSolver.cpp
[SolidArc] compile Editor/AuthoringTools/Modelling/SolidArc/Presentation/ScenePresentation.cpp
[SolidArc] compile Editor/AuthoringTools/Modelling/SolidArc/Presentation/SoftwareRaster.cpp
[SolidArc] compile Exhibits/Workbench/Editor/SolidArcEditorProof.cpp
[SolidArc] compile Editor/AuthoringTools/Modelling/SolidArc/Console/SolidArcConsole.cpp
[SolidArc] compile Exhibits/Workbench/Editor/EditorProof.cpp
[SolidArc] console and native editor linked
[SolidArc] native UI, all six Liger journals and side-panel render replay passed
